MPLINK 5.08, LINKER
Linker Map File - Created Wed Sep 21 19:33:59 2016

                                 Section Info
                  Section       Type    Address   Location Size(Bytes)
                ---------  ---------  ---------  ---------  ---------
                   .org_0       code   0x000000    program   0x000008
                   .org_1       code   0x000004    program   0x00037c
                   .org_2       code   0x000700    program   0x000194
                   .cinit    romdata   0x0007ca    program   0x000004
.config_8007_BUILD/DEFAULT/PRODUCTION/MAT.O       code   0x008007    program   0x000002
.config_8008_BUILD/DEFAULT/PRODUCTION/MAT.O       code   0x008008    program   0x000002
                   .udata      udata   0x000020       data   0x000016
               .udata_shr      udata   0x000070       data   0x00000b



                              Program Memory Usage 
                               Start         End      
                           ---------   ---------      
                            0x000000    0x0001c1      
                            0x000700    0x0007cb      
                            0x008007    0x008008      
            656 out of 2055 program addresses used, program memory utilization is 31%



                              Symbols - Sorted by Name
                     Name    Address   Location    Storage File                     
                ---------  ---------  ---------  --------- ---------                
                     CE3K   0x000739    program     static C:\Users\Jacques\Documents\GitHub\machineathe\MAT.X\mat.asm
                    HYMNE   0x00074d    program     static C:\Users\Jacques\Documents\GitHub\machineathe\MAT.X\mat.asm
                 LED_CONN   0x000700    program     static C:\Users\Jacques\Documents\GitHub\machineathe\MAT.X\mat.asm
                    SCALE   0x000720    program     static C:\Users\Jacques\Documents\GitHub\machineathe\MAT.X\mat.asm
                  SOLDOMI   0x000746    program     static C:\Users\Jacques\Documents\GitHub\machineathe\MAT.X\mat.asm
             _.org_1_0076   0x000076    program     static C:\Users\Jacques\Documents\GitHub\machineathe\MAT.X\mat.asm
             _.org_1_008C   0x00008c    program     static C:\Users\Jacques\Documents\GitHub\machineathe\MAT.X\mat.asm
             _.org_1_00A4   0x0000a4    program     static C:\Users\Jacques\Documents\GitHub\machineathe\MAT.X\mat.asm
             _.org_1_00A6   0x0000a6    program     static C:\Users\Jacques\Documents\GitHub\machineathe\MAT.X\mat.asm
             _.org_1_012F   0x00012f    program     static C:\Users\Jacques\Documents\GitHub\machineathe\MAT.X\mat.asm
             _.org_1_0142   0x000142    program     static C:\Users\Jacques\Documents\GitHub\machineathe\MAT.X\mat.asm
             _.org_1_018E   0x00018e    program     static C:\Users\Jacques\Documents\GitHub\machineathe\MAT.X\mat.asm
                 add_time   0x00007c    program     static C:\Users\Jacques\Documents\GitHub\machineathe\MAT.X\mat.asm
                    alarm   0x0000c0    program     static C:\Users\Jacques\Documents\GitHub\machineathe\MAT.X\mat.asm
               alarm_loop   0x0000cb    program     static C:\Users\Jacques\Documents\GitHub\machineathe\MAT.X\mat.asm
                     beep   0x00008e    program     static C:\Users\Jacques\Documents\GitHub\machineathe\MAT.X\mat.asm
             cancellation   0x0000b7    program     static C:\Users\Jacques\Documents\GitHub\machineathe\MAT.X\mat.asm
                    delay   0x00012c    program     static C:\Users\Jacques\Documents\GitHub\machineathe\MAT.X\mat.asm
            disable_timer   0x000024    program     static C:\Users\Jacques\Documents\GitHub\machineathe\MAT.X\mat.asm
                disp_test   0x000194    program     static C:\Users\Jacques\Documents\GitHub\machineathe\MAT.X\mat.asm
                    div15   0x00014b    program     static C:\Users\Jacques\Documents\GitHub\machineathe\MAT.X\mat.asm
                  div15_1   0x000157    program     static C:\Users\Jacques\Documents\GitHub\machineathe\MAT.X\mat.asm
                  div15_2   0x00015e    program     static C:\Users\Jacques\Documents\GitHub\machineathe\MAT.X\mat.asm
                  div15_3   0x000165    program     static C:\Users\Jacques\Documents\GitHub\machineathe\MAT.X\mat.asm
                  div15_4   0x00016c    program     static C:\Users\Jacques\Documents\GitHub\machineathe\MAT.X\mat.asm
               div15_exit   0x000171    program     static C:\Users\Jacques\Documents\GitHub\machineathe\MAT.X\mat.asm
             eveil_normal   0x000059    program     static C:\Users\Jacques\Documents\GitHub\machineathe\MAT.X\mat.asm
                 infusion   0x000094    program     static C:\Users\Jacques\Documents\GitHub\machineathe\MAT.X\mat.asm
                     init   0x000029    program     static C:\Users\Jacques\Documents\GitHub\machineathe\MAT.X\mat.asm
                      isr   0x000004    program     static C:\Users\Jacques\Documents\GitHub\machineathe\MAT.X\mat.asm
                 isr_exit   0x000028    program     static C:\Users\Jacques\Documents\GitHub\machineathe\MAT.X\mat.asm
               isr_timer0   0x00001e    program     static C:\Users\Jacques\Documents\GitHub\machineathe\MAT.X\mat.asm
               isr_timer1   0x00000d    program     static C:\Users\Jacques\Documents\GitHub\machineathe\MAT.X\mat.asm
            light_segment   0x0000fe    program     static C:\Users\Jacques\Documents\GitHub\machineathe\MAT.X\mat.asm
                     main   0x00004b    program     static C:\Users\Jacques\Documents\GitHub\machineathe\MAT.X\mat.asm
                oeuf_loop   0x0001b3    program     static C:\Users\Jacques\Documents\GitHub\machineathe\MAT.X\mat.asm
               pause_msec   0x00018c    program     static C:\Users\Jacques\Documents\GitHub\machineathe\MAT.X\mat.asm
                 pwm_loop   0x0000ab    program     static C:\Users\Jacques\Documents\GitHub\machineathe\MAT.X\mat.asm
                      rst   0x000000    program     static C:\Users\Jacques\Documents\GitHub\machineathe\MAT.X\mat.asm
                self_test   0x000190    program     static C:\Users\Jacques\Documents\GitHub\machineathe\MAT.X\mat.asm
                servo_pos   0x00010f    program     static C:\Users\Jacques\Documents\GitHub\machineathe\MAT.X\mat.asm
           servo_pos_exit   0x00013d    program     static C:\Users\Jacques\Documents\GitHub\machineathe\MAT.X\mat.asm
           servo_pos_loop   0x000122    program     static C:\Users\Jacques\Documents\GitHub\machineathe\MAT.X\mat.asm
               servo_test   0x0001a8    program     static C:\Users\Jacques\Documents\GitHub\machineathe\MAT.X\mat.asm
          start_msec4_tmr   0x000183    program     static C:\Users\Jacques\Documents\GitHub\machineathe\MAT.X\mat.asm
              start_timer   0x000173    program     static C:\Users\Jacques\Documents\GitHub\machineathe\MAT.X\mat.asm
                test_tmr1   0x000008    program     static C:\Users\Jacques\Documents\GitHub\machineathe\MAT.X\mat.asm
                  timeout   0x0000ba    program     static C:\Users\Jacques\Documents\GitHub\machineathe\MAT.X\mat.asm
                  timeset   0x000068    program     static C:\Users\Jacques\Documents\GitHub\machineathe\MAT.X\mat.asm
             timeset_exit   0x000084    program     static C:\Users\Jacques\Documents\GitHub\machineathe\MAT.X\mat.asm
         timeset_wait_btn   0x00006b    program     static C:\Users\Jacques\Documents\GitHub\machineathe\MAT.X\mat.asm
                     tone   0x0000dc    program     static C:\Users\Jacques\Documents\GitHub\machineathe\MAT.X\mat.asm
                tone_test   0x0001a3    program     static C:\Users\Jacques\Documents\GitHub\machineathe\MAT.X\mat.asm
                  un_oeuf   0x0001ad    program     static C:\Users\Jacques\Documents\GitHub\machineathe\MAT.X\mat.asm
                wait_loop   0x00009a    program     static C:\Users\Jacques\Documents\GitHub\machineathe\MAT.X\mat.asm
                     ACAH   0x000071       data     static C:\Users\Jacques\Documents\GitHub\machineathe\MAT.X\mat.asm
                     ACAL   0x000070       data     static C:\Users\Jacques\Documents\GitHub\machineathe\MAT.X\mat.asm
                     ACBH   0x000073       data     static C:\Users\Jacques\Documents\GitHub\machineathe\MAT.X\mat.asm
                     ACBL   0x000072       data     static C:\Users\Jacques\Documents\GitHub\machineathe\MAT.X\mat.asm
                    flags   0x000078       data     static C:\Users\Jacques\Documents\GitHub\machineathe\MAT.X\mat.asm
                 last_pos   0x00007a       data     static C:\Users\Jacques\Documents\GitHub\machineathe\MAT.X\mat.asm
                    msec4   0x000076       data     static C:\Users\Jacques\Documents\GitHub\machineathe\MAT.X\mat.asm
               pwm_period   0x000077       data     static C:\Users\Jacques\Documents\GitHub\machineathe\MAT.X\mat.asm
                 secondes   0x000075       data     static C:\Users\Jacques\Documents\GitHub\machineathe\MAT.X\mat.asm
                    stack   0x000020       data     static C:\Users\Jacques\Documents\GitHub\machineathe\MAT.X\mat.asm
                     temp   0x000079       data     static C:\Users\Jacques\Documents\GitHub\machineathe\MAT.X\mat.asm
                 trempage   0x000074       data     static C:\Users\Jacques\Documents\GitHub\machineathe\MAT.X\mat.asm



                              Symbols - Sorted by Address
                     Name    Address   Location    Storage File                     
                ---------  ---------  ---------  --------- ---------                
                      rst   0x000000    program     static C:\Users\Jacques\Documents\GitHub\machineathe\MAT.X\mat.asm
                      isr   0x000004    program     static C:\Users\Jacques\Documents\GitHub\machineathe\MAT.X\mat.asm
                test_tmr1   0x000008    program     static C:\Users\Jacques\Documents\GitHub\machineathe\MAT.X\mat.asm
               isr_timer1   0x00000d    program     static C:\Users\Jacques\Documents\GitHub\machineathe\MAT.X\mat.asm
               isr_timer0   0x00001e    program     static C:\Users\Jacques\Documents\GitHub\machineathe\MAT.X\mat.asm
            disable_timer   0x000024    program     static C:\Users\Jacques\Documents\GitHub\machineathe\MAT.X\mat.asm
                 isr_exit   0x000028    program     static C:\Users\Jacques\Documents\GitHub\machineathe\MAT.X\mat.asm
                     init   0x000029    program     static C:\Users\Jacques\Documents\GitHub\machineathe\MAT.X\mat.asm
                     main   0x00004b    program     static C:\Users\Jacques\Documents\GitHub\machineathe\MAT.X\mat.asm
             eveil_normal   0x000059    program     static C:\Users\Jacques\Documents\GitHub\machineathe\MAT.X\mat.asm
                  timeset   0x000068    program     static C:\Users\Jacques\Documents\GitHub\machineathe\MAT.X\mat.asm
         timeset_wait_btn   0x00006b    program     static C:\Users\Jacques\Documents\GitHub\machineathe\MAT.X\mat.asm
             _.org_1_0076   0x000076    program     static C:\Users\Jacques\Documents\GitHub\machineathe\MAT.X\mat.asm
                 add_time   0x00007c    program     static C:\Users\Jacques\Documents\GitHub\machineathe\MAT.X\mat.asm
             timeset_exit   0x000084    program     static C:\Users\Jacques\Documents\GitHub\machineathe\MAT.X\mat.asm
             _.org_1_008C   0x00008c    program     static C:\Users\Jacques\Documents\GitHub\machineathe\MAT.X\mat.asm
                     beep   0x00008e    program     static C:\Users\Jacques\Documents\GitHub\machineathe\MAT.X\mat.asm
                 infusion   0x000094    program     static C:\Users\Jacques\Documents\GitHub\machineathe\MAT.X\mat.asm
                wait_loop   0x00009a    program     static C:\Users\Jacques\Documents\GitHub\machineathe\MAT.X\mat.asm
             _.org_1_00A4   0x0000a4    program     static C:\Users\Jacques\Documents\GitHub\machineathe\MAT.X\mat.asm
             _.org_1_00A6   0x0000a6    program     static C:\Users\Jacques\Documents\GitHub\machineathe\MAT.X\mat.asm
                 pwm_loop   0x0000ab    program     static C:\Users\Jacques\Documents\GitHub\machineathe\MAT.X\mat.asm
             cancellation   0x0000b7    program     static C:\Users\Jacques\Documents\GitHub\machineathe\MAT.X\mat.asm
                  timeout   0x0000ba    program     static C:\Users\Jacques\Documents\GitHub\machineathe\MAT.X\mat.asm
                    alarm   0x0000c0    program     static C:\Users\Jacques\Documents\GitHub\machineathe\MAT.X\mat.asm
               alarm_loop   0x0000cb    program     static C:\Users\Jacques\Documents\GitHub\machineathe\MAT.X\mat.asm
                     tone   0x0000dc    program     static C:\Users\Jacques\Documents\GitHub\machineathe\MAT.X\mat.asm
            light_segment   0x0000fe    program     static C:\Users\Jacques\Documents\GitHub\machineathe\MAT.X\mat.asm
                servo_pos   0x00010f    program     static C:\Users\Jacques\Documents\GitHub\machineathe\MAT.X\mat.asm
           servo_pos_loop   0x000122    program     static C:\Users\Jacques\Documents\GitHub\machineathe\MAT.X\mat.asm
                    delay   0x00012c    program     static C:\Users\Jacques\Documents\GitHub\machineathe\MAT.X\mat.asm
             _.org_1_012F   0x00012f    program     static C:\Users\Jacques\Documents\GitHub\machineathe\MAT.X\mat.asm
           servo_pos_exit   0x00013d    program     static C:\Users\Jacques\Documents\GitHub\machineathe\MAT.X\mat.asm
             _.org_1_0142   0x000142    program     static C:\Users\Jacques\Documents\GitHub\machineathe\MAT.X\mat.asm
                    div15   0x00014b    program     static C:\Users\Jacques\Documents\GitHub\machineathe\MAT.X\mat.asm
                  div15_1   0x000157    program     static C:\Users\Jacques\Documents\GitHub\machineathe\MAT.X\mat.asm
                  div15_2   0x00015e    program     static C:\Users\Jacques\Documents\GitHub\machineathe\MAT.X\mat.asm
                  div15_3   0x000165    program     static C:\Users\Jacques\Documents\GitHub\machineathe\MAT.X\mat.asm
                  div15_4   0x00016c    program     static C:\Users\Jacques\Documents\GitHub\machineathe\MAT.X\mat.asm
               div15_exit   0x000171    program     static C:\Users\Jacques\Documents\GitHub\machineathe\MAT.X\mat.asm
              start_timer   0x000173    program     static C:\Users\Jacques\Documents\GitHub\machineathe\MAT.X\mat.asm
          start_msec4_tmr   0x000183    program     static C:\Users\Jacques\Documents\GitHub\machineathe\MAT.X\mat.asm
               pause_msec   0x00018c    program     static C:\Users\Jacques\Documents\GitHub\machineathe\MAT.X\mat.asm
             _.org_1_018E   0x00018e    program     static C:\Users\Jacques\Documents\GitHub\machineathe\MAT.X\mat.asm
                self_test   0x000190    program     static C:\Users\Jacques\Documents\GitHub\machineathe\MAT.X\mat.asm
                disp_test   0x000194    program     static C:\Users\Jacques\Documents\GitHub\machineathe\MAT.X\mat.asm
                tone_test   0x0001a3    program     static C:\Users\Jacques\Documents\GitHub\machineathe\MAT.X\mat.asm
               servo_test   0x0001a8    program     static C:\Users\Jacques\Documents\GitHub\machineathe\MAT.X\mat.asm
                  un_oeuf   0x0001ad    program     static C:\Users\Jacques\Documents\GitHub\machineathe\MAT.X\mat.asm
                oeuf_loop   0x0001b3    program     static C:\Users\Jacques\Documents\GitHub\machineathe\MAT.X\mat.asm
                 LED_CONN   0x000700    program     static C:\Users\Jacques\Documents\GitHub\machineathe\MAT.X\mat.asm
                    SCALE   0x000720    program     static C:\Users\Jacques\Documents\GitHub\machineathe\MAT.X\mat.asm
                     CE3K   0x000739    program     static C:\Users\Jacques\Documents\GitHub\machineathe\MAT.X\mat.asm
                  SOLDOMI   0x000746    program     static C:\Users\Jacques\Documents\GitHub\machineathe\MAT.X\mat.asm
                    HYMNE   0x00074d    program     static C:\Users\Jacques\Documents\GitHub\machineathe\MAT.X\mat.asm
                    stack   0x000020       data     static C:\Users\Jacques\Documents\GitHub\machineathe\MAT.X\mat.asm
                     ACAL   0x000070       data     static C:\Users\Jacques\Documents\GitHub\machineathe\MAT.X\mat.asm
                     ACAH   0x000071       data     static C:\Users\Jacques\Documents\GitHub\machineathe\MAT.X\mat.asm
                     ACBL   0x000072       data     static C:\Users\Jacques\Documents\GitHub\machineathe\MAT.X\mat.asm
                     ACBH   0x000073       data     static C:\Users\Jacques\Documents\GitHub\machineathe\MAT.X\mat.asm
                 trempage   0x000074       data     static C:\Users\Jacques\Documents\GitHub\machineathe\MAT.X\mat.asm
                 secondes   0x000075       data     static C:\Users\Jacques\Documents\GitHub\machineathe\MAT.X\mat.asm
                    msec4   0x000076       data     static C:\Users\Jacques\Documents\GitHub\machineathe\MAT.X\mat.asm
               pwm_period   0x000077       data     static C:\Users\Jacques\Documents\GitHub\machineathe\MAT.X\mat.asm
                    flags   0x000078       data     static C:\Users\Jacques\Documents\GitHub\machineathe\MAT.X\mat.asm
                     temp   0x000079       data     static C:\Users\Jacques\Documents\GitHub\machineathe\MAT.X\mat.asm
                 last_pos   0x00007a       data     static C:\Users\Jacques\Documents\GitHub\machineathe\MAT.X\mat.asm


