MPLINK 5.08, LINKER
Linker Map File - Created Mon Sep 19 20:21:00 2016

                                 Section Info
                  Section       Type    Address   Location Size(Bytes)
                ---------  ---------  ---------  ---------  ---------
                   .org_0       code   0x000000    program   0x000008
                   .org_1       code   0x000004    program   0x000342
                   .org_2       code   0x000700    program   0x00009a
                   .cinit    romdata   0x00074d    program   0x000004
.config_8007_BUILD/DEFAULT/PRODUCTION/MAT.O       code   0x008007    program   0x000002
.config_8008_BUILD/DEFAULT/PRODUCTION/MAT.O       code   0x008008    program   0x000002
                   .udata      udata   0x000020       data   0x000016
               .udata_shr      udata   0x000070       data   0x00000b



                              Program Memory Usage 
                               Start         End      
                           ---------   ---------      
                            0x000000    0x0001a4      
                            0x000700    0x00074e      
                            0x008007    0x008008      
            502 out of 2055 program addresses used, program memory utilization is 24%



                              Symbols - Sorted by Name
                     Name    Address   Location    Storage File                     
                ---------  ---------  ---------  --------- ---------                
                     CE3K   0x000739    program     static C:\Users\Jacques\Documents\GitHub\machineathe\MAT.X\mat.asm
                 LED_CONN   0x000700    program     static C:\Users\Jacques\Documents\GitHub\machineathe\MAT.X\mat.asm
                    SCALE   0x000720    program     static C:\Users\Jacques\Documents\GitHub\machineathe\MAT.X\mat.asm
                  SOLDOMI   0x000746    program     static C:\Users\Jacques\Documents\GitHub\machineathe\MAT.X\mat.asm
             _.org_1_006B   0x00006b    program     static C:\Users\Jacques\Documents\GitHub\machineathe\MAT.X\mat.asm
             _.org_1_0084   0x000084    program     static C:\Users\Jacques\Documents\GitHub\machineathe\MAT.X\mat.asm
             _.org_1_009C   0x00009c    program     static C:\Users\Jacques\Documents\GitHub\machineathe\MAT.X\mat.asm
             _.org_1_009E   0x00009e    program     static C:\Users\Jacques\Documents\GitHub\machineathe\MAT.X\mat.asm
             _.org_1_0127   0x000127    program     static C:\Users\Jacques\Documents\GitHub\machineathe\MAT.X\mat.asm
             _.org_1_013A   0x00013a    program     static C:\Users\Jacques\Documents\GitHub\machineathe\MAT.X\mat.asm
             _.org_1_0186   0x000186    program     static C:\Users\Jacques\Documents\GitHub\machineathe\MAT.X\mat.asm
                 add_time   0x000071    program     static C:\Users\Jacques\Documents\GitHub\machineathe\MAT.X\mat.asm
                    alarm   0x0000b8    program     static C:\Users\Jacques\Documents\GitHub\machineathe\MAT.X\mat.asm
               alarm_loop   0x0000c3    program     static C:\Users\Jacques\Documents\GitHub\machineathe\MAT.X\mat.asm
                     beep   0x000086    program     static C:\Users\Jacques\Documents\GitHub\machineathe\MAT.X\mat.asm
             cancellation   0x0000af    program     static C:\Users\Jacques\Documents\GitHub\machineathe\MAT.X\mat.asm
                    delay   0x000124    program     static C:\Users\Jacques\Documents\GitHub\machineathe\MAT.X\mat.asm
            disable_timer   0x000024    program     static C:\Users\Jacques\Documents\GitHub\machineathe\MAT.X\mat.asm
                disp_test   0x00018c    program     static C:\Users\Jacques\Documents\GitHub\machineathe\MAT.X\mat.asm
                    div15   0x000143    program     static C:\Users\Jacques\Documents\GitHub\machineathe\MAT.X\mat.asm
                  div15_1   0x00014f    program     static C:\Users\Jacques\Documents\GitHub\machineathe\MAT.X\mat.asm
                  div15_2   0x000156    program     static C:\Users\Jacques\Documents\GitHub\machineathe\MAT.X\mat.asm
                  div15_3   0x00015d    program     static C:\Users\Jacques\Documents\GitHub\machineathe\MAT.X\mat.asm
                  div15_4   0x000164    program     static C:\Users\Jacques\Documents\GitHub\machineathe\MAT.X\mat.asm
               div15_exit   0x000169    program     static C:\Users\Jacques\Documents\GitHub\machineathe\MAT.X\mat.asm
                 infusion   0x00008c    program     static C:\Users\Jacques\Documents\GitHub\machineathe\MAT.X\mat.asm
                     init   0x000029    program     static C:\Users\Jacques\Documents\GitHub\machineathe\MAT.X\mat.asm
                      isr   0x000004    program     static C:\Users\Jacques\Documents\GitHub\machineathe\MAT.X\mat.asm
                 isr_exit   0x000028    program     static C:\Users\Jacques\Documents\GitHub\machineathe\MAT.X\mat.asm
               isr_timer0   0x00001e    program     static C:\Users\Jacques\Documents\GitHub\machineathe\MAT.X\mat.asm
               isr_timer1   0x00000d    program     static C:\Users\Jacques\Documents\GitHub\machineathe\MAT.X\mat.asm
            light_segment   0x0000f6    program     static C:\Users\Jacques\Documents\GitHub\machineathe\MAT.X\mat.asm
                     main   0x00004b    program     static C:\Users\Jacques\Documents\GitHub\machineathe\MAT.X\mat.asm
               pause_msec   0x000184    program     static C:\Users\Jacques\Documents\GitHub\machineathe\MAT.X\mat.asm
                 pwm_loop   0x0000a3    program     static C:\Users\Jacques\Documents\GitHub\machineathe\MAT.X\mat.asm
                      rst   0x000000    program     static C:\Users\Jacques\Documents\GitHub\machineathe\MAT.X\mat.asm
                self_test   0x000188    program     static C:\Users\Jacques\Documents\GitHub\machineathe\MAT.X\mat.asm
                servo_pos   0x000107    program     static C:\Users\Jacques\Documents\GitHub\machineathe\MAT.X\mat.asm
           servo_pos_exit   0x000135    program     static C:\Users\Jacques\Documents\GitHub\machineathe\MAT.X\mat.asm
           servo_pos_loop   0x00011a    program     static C:\Users\Jacques\Documents\GitHub\machineathe\MAT.X\mat.asm
               servo_test   0x0001a0    program     static C:\Users\Jacques\Documents\GitHub\machineathe\MAT.X\mat.asm
          start_msec4_tmr   0x00017b    program     static C:\Users\Jacques\Documents\GitHub\machineathe\MAT.X\mat.asm
              start_timer   0x00016b    program     static C:\Users\Jacques\Documents\GitHub\machineathe\MAT.X\mat.asm
                test_tmr1   0x000008    program     static C:\Users\Jacques\Documents\GitHub\machineathe\MAT.X\mat.asm
                  timeout   0x0000b2    program     static C:\Users\Jacques\Documents\GitHub\machineathe\MAT.X\mat.asm
                  timeset   0x000061    program     static C:\Users\Jacques\Documents\GitHub\machineathe\MAT.X\mat.asm
             timeset_exit   0x00007c    program     static C:\Users\Jacques\Documents\GitHub\machineathe\MAT.X\mat.asm
         timeset_wait_btn   0x000063    program     static C:\Users\Jacques\Documents\GitHub\machineathe\MAT.X\mat.asm
                     tone   0x0000d4    program     static C:\Users\Jacques\Documents\GitHub\machineathe\MAT.X\mat.asm
                tone_test   0x00019b    program     static C:\Users\Jacques\Documents\GitHub\machineathe\MAT.X\mat.asm
                wait_loop   0x000092    program     static C:\Users\Jacques\Documents\GitHub\machineathe\MAT.X\mat.asm
                     ACAH   0x000071       data     static C:\Users\Jacques\Documents\GitHub\machineathe\MAT.X\mat.asm
                     ACAL   0x000070       data     static C:\Users\Jacques\Documents\GitHub\machineathe\MAT.X\mat.asm
                     ACBH   0x000073       data     static C:\Users\Jacques\Documents\GitHub\machineathe\MAT.X\mat.asm
                     ACBL   0x000072       data     static C:\Users\Jacques\Documents\GitHub\machineathe\MAT.X\mat.asm
                    flags   0x000078       data     static C:\Users\Jacques\Documents\GitHub\machineathe\MAT.X\mat.asm
                 last_pos   0x00007a       data     static C:\Users\Jacques\Documents\GitHub\machineathe\MAT.X\mat.asm
                    msec4   0x000076       data     static C:\Users\Jacques\Documents\GitHub\machineathe\MAT.X\mat.asm
               pwm_period   0x000077       data     static C:\Users\Jacques\Documents\GitHub\machineathe\MAT.X\mat.asm
                 secondes   0x000075       data     static C:\Users\Jacques\Documents\GitHub\machineathe\MAT.X\mat.asm
                    stack   0x000020       data     static C:\Users\Jacques\Documents\GitHub\machineathe\MAT.X\mat.asm
                     temp   0x000079       data     static C:\Users\Jacques\Documents\GitHub\machineathe\MAT.X\mat.asm
                 trempage   0x000074       data     static C:\Users\Jacques\Documents\GitHub\machineathe\MAT.X\mat.asm



                              Symbols - Sorted by Address
                     Name    Address   Location    Storage File                     
                ---------  ---------  ---------  --------- ---------                
                      rst   0x000000    program     static C:\Users\Jacques\Documents\GitHub\machineathe\MAT.X\mat.asm
                      isr   0x000004    program     static C:\Users\Jacques\Documents\GitHub\machineathe\MAT.X\mat.asm
                test_tmr1   0x000008    program     static C:\Users\Jacques\Documents\GitHub\machineathe\MAT.X\mat.asm
               isr_timer1   0x00000d    program     static C:\Users\Jacques\Documents\GitHub\machineathe\MAT.X\mat.asm
               isr_timer0   0x00001e    program     static C:\Users\Jacques\Documents\GitHub\machineathe\MAT.X\mat.asm
            disable_timer   0x000024    program     static C:\Users\Jacques\Documents\GitHub\machineathe\MAT.X\mat.asm
                 isr_exit   0x000028    program     static C:\Users\Jacques\Documents\GitHub\machineathe\MAT.X\mat.asm
                     init   0x000029    program     static C:\Users\Jacques\Documents\GitHub\machineathe\MAT.X\mat.asm
                     main   0x00004b    program     static C:\Users\Jacques\Documents\GitHub\machineathe\MAT.X\mat.asm
                  timeset   0x000061    program     static C:\Users\Jacques\Documents\GitHub\machineathe\MAT.X\mat.asm
         timeset_wait_btn   0x000063    program     static C:\Users\Jacques\Documents\GitHub\machineathe\MAT.X\mat.asm
             _.org_1_006B   0x00006b    program     static C:\Users\Jacques\Documents\GitHub\machineathe\MAT.X\mat.asm
                 add_time   0x000071    program     static C:\Users\Jacques\Documents\GitHub\machineathe\MAT.X\mat.asm
             timeset_exit   0x00007c    program     static C:\Users\Jacques\Documents\GitHub\machineathe\MAT.X\mat.asm
             _.org_1_0084   0x000084    program     static C:\Users\Jacques\Documents\GitHub\machineathe\MAT.X\mat.asm
                     beep   0x000086    program     static C:\Users\Jacques\Documents\GitHub\machineathe\MAT.X\mat.asm
                 infusion   0x00008c    program     static C:\Users\Jacques\Documents\GitHub\machineathe\MAT.X\mat.asm
                wait_loop   0x000092    program     static C:\Users\Jacques\Documents\GitHub\machineathe\MAT.X\mat.asm
             _.org_1_009C   0x00009c    program     static C:\Users\Jacques\Documents\GitHub\machineathe\MAT.X\mat.asm
             _.org_1_009E   0x00009e    program     static C:\Users\Jacques\Documents\GitHub\machineathe\MAT.X\mat.asm
                 pwm_loop   0x0000a3    program     static C:\Users\Jacques\Documents\GitHub\machineathe\MAT.X\mat.asm
             cancellation   0x0000af    program     static C:\Users\Jacques\Documents\GitHub\machineathe\MAT.X\mat.asm
                  timeout   0x0000b2    program     static C:\Users\Jacques\Documents\GitHub\machineathe\MAT.X\mat.asm
                    alarm   0x0000b8    program     static C:\Users\Jacques\Documents\GitHub\machineathe\MAT.X\mat.asm
               alarm_loop   0x0000c3    program     static C:\Users\Jacques\Documents\GitHub\machineathe\MAT.X\mat.asm
                     tone   0x0000d4    program     static C:\Users\Jacques\Documents\GitHub\machineathe\MAT.X\mat.asm
            light_segment   0x0000f6    program     static C:\Users\Jacques\Documents\GitHub\machineathe\MAT.X\mat.asm
                servo_pos   0x000107    program     static C:\Users\Jacques\Documents\GitHub\machineathe\MAT.X\mat.asm
           servo_pos_loop   0x00011a    program     static C:\Users\Jacques\Documents\GitHub\machineathe\MAT.X\mat.asm
                    delay   0x000124    program     static C:\Users\Jacques\Documents\GitHub\machineathe\MAT.X\mat.asm
             _.org_1_0127   0x000127    program     static C:\Users\Jacques\Documents\GitHub\machineathe\MAT.X\mat.asm
           servo_pos_exit   0x000135    program     static C:\Users\Jacques\Documents\GitHub\machineathe\MAT.X\mat.asm
             _.org_1_013A   0x00013a    program     static C:\Users\Jacques\Documents\GitHub\machineathe\MAT.X\mat.asm
                    div15   0x000143    program     static C:\Users\Jacques\Documents\GitHub\machineathe\MAT.X\mat.asm
                  div15_1   0x00014f    program     static C:\Users\Jacques\Documents\GitHub\machineathe\MAT.X\mat.asm
                  div15_2   0x000156    program     static C:\Users\Jacques\Documents\GitHub\machineathe\MAT.X\mat.asm
                  div15_3   0x00015d    program     static C:\Users\Jacques\Documents\GitHub\machineathe\MAT.X\mat.asm
                  div15_4   0x000164    program     static C:\Users\Jacques\Documents\GitHub\machineathe\MAT.X\mat.asm
               div15_exit   0x000169    program     static C:\Users\Jacques\Documents\GitHub\machineathe\MAT.X\mat.asm
              start_timer   0x00016b    program     static C:\Users\Jacques\Documents\GitHub\machineathe\MAT.X\mat.asm
          start_msec4_tmr   0x00017b    program     static C:\Users\Jacques\Documents\GitHub\machineathe\MAT.X\mat.asm
               pause_msec   0x000184    program     static C:\Users\Jacques\Documents\GitHub\machineathe\MAT.X\mat.asm
             _.org_1_0186   0x000186    program     static C:\Users\Jacques\Documents\GitHub\machineathe\MAT.X\mat.asm
                self_test   0x000188    program     static C:\Users\Jacques\Documents\GitHub\machineathe\MAT.X\mat.asm
                disp_test   0x00018c    program     static C:\Users\Jacques\Documents\GitHub\machineathe\MAT.X\mat.asm
                tone_test   0x00019b    program     static C:\Users\Jacques\Documents\GitHub\machineathe\MAT.X\mat.asm
               servo_test   0x0001a0    program     static C:\Users\Jacques\Documents\GitHub\machineathe\MAT.X\mat.asm
                 LED_CONN   0x000700    program     static C:\Users\Jacques\Documents\GitHub\machineathe\MAT.X\mat.asm
                    SCALE   0x000720    program     static C:\Users\Jacques\Documents\GitHub\machineathe\MAT.X\mat.asm
                     CE3K   0x000739    program     static C:\Users\Jacques\Documents\GitHub\machineathe\MAT.X\mat.asm
                  SOLDOMI   0x000746    program     static C:\Users\Jacques\Documents\GitHub\machineathe\MAT.X\mat.asm
                    stack   0x000020       data     static C:\Users\Jacques\Documents\GitHub\machineathe\MAT.X\mat.asm
                     ACAL   0x000070       data     static C:\Users\Jacques\Documents\GitHub\machineathe\MAT.X\mat.asm
                     ACAH   0x000071       data     static C:\Users\Jacques\Documents\GitHub\machineathe\MAT.X\mat.asm
                     ACBL   0x000072       data     static C:\Users\Jacques\Documents\GitHub\machineathe\MAT.X\mat.asm
                     ACBH   0x000073       data     static C:\Users\Jacques\Documents\GitHub\machineathe\MAT.X\mat.asm
                 trempage   0x000074       data     static C:\Users\Jacques\Documents\GitHub\machineathe\MAT.X\mat.asm
                 secondes   0x000075       data     static C:\Users\Jacques\Documents\GitHub\machineathe\MAT.X\mat.asm
                    msec4   0x000076       data     static C:\Users\Jacques\Documents\GitHub\machineathe\MAT.X\mat.asm
               pwm_period   0x000077       data     static C:\Users\Jacques\Documents\GitHub\machineathe\MAT.X\mat.asm
                    flags   0x000078       data     static C:\Users\Jacques\Documents\GitHub\machineathe\MAT.X\mat.asm
                     temp   0x000079       data     static C:\Users\Jacques\Documents\GitHub\machineathe\MAT.X\mat.asm
                 last_pos   0x00007a       data     static C:\Users\Jacques\Documents\GitHub\machineathe\MAT.X\mat.asm


